
> react-kavia@0.1.0 start
> react-scripts start

(node:571) [DEP_WEBPACK_DEV_SERVER_ON_AFTER_SETUP_MIDDLEWARE] DeprecationWarning: 'onAfterSetupMiddleware' option is deprecated. Please use the 'setupMiddlewares' option.
(Use `node --trace-deprecation ...` to show where the warning was created)
(node:571) [DEP_WEBPACK_DEV_SERVER_ON_BEFORE_SETUP_MIDDLEWARE] DeprecationWarning: 'onBeforeSetupMiddleware' option is deprecated. Please use the 'setupMiddlewares' option.
Starting the development server...

Compiled successfully!

You can now view react-kavia in the browser.

  Local:            http://localhost:3000
  On Your Network:  http://172.17.0.2:3000

Note that the development build is not optimized.
To create a production build, use npm run build.

webpack compiled successfully
Compiling...
Compiled successfully!
webpack compiled successfully
Compiling...
Compiled successfully!
webpack compiled successfully
Compiling...
Compiled successfully!
webpack compiled successfully
Compiling...
Compiled successfully!
webpack compiled successfully
Compiling...
Compiled successfully!
webpack compiled successfully
Compiling...
Failed to compile.

[eslint] 
src/utils/icsExport.js
Syntax error: Unterminated string constant. (36:41) (36:41)
ERROR in ./src/utils/icsExport.js
Module build failed (from ./node_modules/babel-loader/lib/index.js):
SyntaxError: /home/kavia/workspace/code-generation/examtrackr-25008-f91dd9c9/examtrackr_main_container/src/utils/icsExport.js: Unterminated string constant. (36:41)

  34 |   }
  35 |   icsContent.push("END:VCALENDAR");
> 36 |   const blob = new Blob([icsContent.join("
     |                                          ^
  37 | ")], { type: "text/calendar" });
  38 |   const url = window.URL.createObjectURL(blob);
  39 |
    at constructor (/home/kavia/workspace/code-generation/examtrackr-25008-f91dd9c9/examtrackr_main_container/node_modules/@babel/parser/lib/index.js:360:19)
    at FlowParserMixin.raise (/home/kavia/workspace/code-generation/examtrackr-25008-f91dd9c9/examtrackr_main_container/node_modules/@babel/parser/lib/index.js:3327:19)
    at Object.unterminated (/home/kavia/workspace/code-generation/examtrackr-25008-f91dd9c9/examtrackr_main_container/node_modules/@babel/parser/lib/index.js:2395:20)
    at readStringContents (/home/kavia/workspace/code-generation/examtrackr-25008-f91dd9c9/examtrackr_main_container/node_modules/@babel/parser/lib/index.js:2137:16)
    at FlowParserMixin.readString (/home/kavia/workspace/code-generation/examtrackr-25008-f91dd9c9/examtrackr_main_container/node_modules/@babel/parser/lib/index.js:3226:9)
    at FlowParserMixin.getTokenFromCode (/home/kavia/workspace/code-generation/examtrackr-25008-f91dd9c9/examtrackr_main_container/node_modules/@babel/parser/lib/index.js:2986:14)
    at FlowParserMixin.getTokenFromCode (/home/kavia/workspace/code-generation/examtrackr-25008-f91dd9c9/examtrackr_main_container/node_modules/@babel/parser/lib/index.js:6970:11)
    at FlowParserMixin.getTokenFromCode (/home/kavia/workspace/code-generation/examtrackr-25008-f91dd9c9/examtrackr_main_container/node_modules/@babel/parser/lib/index.js:5419:13)
    at FlowParserMixin.nextToken (/home/kavia/workspace/code-generation/examtrackr-25008-f91dd9c9/examtrackr_main_container/node_modules/@babel/parser/lib/index.js:2510:10)
    at FlowParserMixin.next (/home/kavia/workspace/code-generation/examtrackr-25008-f91dd9c9/examtrackr_main_container/node_modules/@babel/parser/lib/index.js:2423:10)
    at FlowParserMixin.parseCoverCallAndAsyncArrowHead (/home/kavia/workspace/code-generation/examtrackr-25008-f91dd9c9/examtrackr_main_container/node_modules/@babel/parser/lib/index.js:10844:10)
    at FlowParserMixin.parseSubscript (/home/kavia/workspace/code-generation/examtrackr-25008-f91dd9c9/examtrackr_main_container/node_modules/@babel/parser/lib/index.js:10798:19)
    at FlowParserMixin.parseSubscript (/home/kavia/workspace/code-generation/examtrackr-25008-f91dd9c9/examtrackr_main_container/node_modules/@babel/parser/lib/index.js:5874:18)
    at FlowParserMixin.parseSubscripts (/home/kavia/workspace/code-generation/examtrackr-25008-f91dd9c9/examtrackr_main_container/node_modules/@babel/parser/lib/index.js:10771:19)
    at FlowParserMixin.parseSubscripts (/home/kavia/workspace/code-generation/examtrackr-25008-f91dd9c9/examtrackr_main_container/node_modules/@babel/parser/lib/index.js:5840:18)
    at FlowParserMixin.parseExprSubscripts (/home/kavia/workspace/code-generation/examtrackr-25008-f91dd9c9/examtrackr_main_container/node_modules/@babel/parser/lib/index.js:10762:17)
    at FlowParserMixin.parseUpdate (/home/kavia/workspace/code-generation/examtrackr-25008-f91dd9c9/examtrackr_main_container/node_modules/@babel/parser/lib/index.js:10743:21)
    at FlowParserMixin.parseMaybeUnary (/home/kavia/workspace/code-generation/examtrackr-25008-f91dd9c9/examtrackr_main_container/node_modules/@babel/parser/lib/index.js:10723:23)
    at FlowParserMixin.parseMaybeUnaryOrPrivate (/home/kavia/workspace/code-generation/examtrackr-25008-f91dd9c9/examtrackr_main_container/node_modules/@babel/parser/lib/index.js:10576:61)
    at FlowParserMixin.parseExprOps (/home/kavia/workspace/code-generation/examtrackr-25008-f91dd9c9/examtrackr_main_container/node_modules/@babel/parser/lib/index.js:10581:23)
    at FlowParserMixin.parseMaybeConditional (/home/kavia/workspace/code-generation/examtrackr-25008-f91dd9c9/examtrackr_main_container/node_modules/@babel/parser/lib/index.js:10558:23)
    at FlowParserMixin.parseMaybeAssign (/home/kavia/workspace/code-generation/examtrackr-25008-f91dd9c9/examtrackr_main_container/node_modules/@babel/parser/lib/index.js:10521:21)
    at FlowParserMixin.parseMaybeAssign (/home/kavia/workspace/code-generation/examtrackr-25008-f91dd9c9/examtrackr_main_container/node_modules/@babel/parser/lib/index.js:5773:18)
    at /home/kavia/workspace/code-generation/examtrackr-25008-f91dd9c9/examtrackr_main_container/node_modules/@babel/parser/lib/index.js:10491:39
    at FlowParserMixin.allowInAnd (/home/kavia/workspace/code-generation/examtrackr-25008-f91dd9c9/examtrackr_main_container/node_modules/@babel/parser/lib/index.js:12100:12)
    at FlowParserMixin.parseMaybeAssignAllowIn (/home/kavia/workspace/code-generation/examtrackr-25008-f91dd9c9/examtrackr_main_container/node_modules/@babel/parser/lib/index.js:10491:17)
    at FlowParserMixin.parseExprListItem (/home/kavia/workspace/code-generation/examtrackr-25008-f91dd9c9/examtrackr_main_container/node_modules/@babel/parser/lib/index.js:11858:18)
    at FlowParserMixin.parseExprList (/home/kavia/workspace/code-generation/examtrackr-25008-f91dd9c9/examtrackr_main_container/node_modules/@babel/parser/lib/index.js:11833:22)
    at FlowParserMixin.parseArrayLike (/home/kavia/workspace/code-generation/examtrackr-25008-f91dd9c9/examtrackr_main_container/node_modules/@babel/parser/lib/index.js:11740:26)
    at FlowParserMixin.parseArrayLike (/home/kavia/workspace/code-generation/examtrackr-25008-f91dd9c9/examtrackr_main_container/node_modules/@babel/parser/lib/index.js:5455:24)
    at FlowParserMixin.parseExprAtom (/home/kavia/workspace/code-generation/examtrackr-25008-f91dd9c9/examtrackr_main_container/node_modules/@babel/parser/lib/index.js:11015:23)
    at FlowParserMixin.parseExprAtom (/home/kavia/workspace/code-generation/examtrackr-25008-f91dd9c9/examtrackr_main_container/node_modules/@babel/parser/lib/index.js:6937:20)
    at FlowParserMixin.parseExprSubscripts (/home/kavia/workspace/code-generation/examtrackr-25008-f91dd9c9/examtrackr_main_container/node_modules/@babel/parser/lib/index.js:10758:23)
    at FlowParserMixin.parseUpdate (/home/kavia/workspace/code-generation/examtrackr-25008-f91dd9c9/examtrackr_main_container/node_modules/@babel/parser/lib/index.js:10743:21)
    at FlowParserMixin.parseMaybeUnary (/home/kavia/workspace/code-generation/examtrackr-25008-f91dd9c9/examtrackr_main_container/node_modules/@babel/parser/lib/index.js:10723:23)
    at FlowParserMixin.parseMaybeUnaryOrPrivate (/home/kavia/workspace/code-generation/examtrackr-25008-f91dd9c9/examtrackr_main_container/node_modules/@babel/parser/lib/index.js:10576:61)
    at FlowParserMixin.parseExprOps (/home/kavia/workspace/code-generation/examtrackr-25008-f91dd9c9/examtrackr_main_container/node_modules/@babel/parser/lib/index.js:10581:23)
    at FlowParserMixin.parseMaybeConditional (/home/kavia/workspace/code-generation/examtrackr-25008-f91dd9c9/examtrackr_main_container/node_modules/@babel/parser/lib/index.js:10558:23)
    at FlowParserMixin.parseMaybeAssign (/home/kavia/workspace/code-generation/examtrackr-25008-f91dd9c9/examtrackr_main_container/node_modules/@babel/parser/lib/index.js:10521:21)
    at FlowParserMixin.parseMaybeAssign (/home/kavia/workspace/code-generation/examtrackr-25008-f91dd9c9/examtrackr_main_container/node_modules/@babel/parser/lib/index.js:5773:18)
    at /home/kavia/workspace/code-generation/examtrackr-25008-f91dd9c9/examtrackr_main_container/node_modules/@babel/parser/lib/index.js:10491:39
    at FlowParserMixin.allowInAnd (/home/kavia/workspace/code-generation/examtrackr-25008-f91dd9c9/examtrackr_main_container/node_modules/@babel/parser/lib/index.js:12100:12)
    at FlowParserMixin.parseMaybeAssignAllowIn (/home/kavia/workspace/code-generation/examtrackr-25008-f91dd9c9/examtrackr_main_container/node_modules/@babel/parser/lib/index.js:10491:17)
    at FlowParserMixin.parseExprListItem (/home/kavia/workspace/code-generation/examtrackr-25008-f91dd9c9/examtrackr_main_container/node_modules/@babel/parser/lib/index.js:11858:18)
    at FlowParserMixin.parseExprList (/home/kavia/workspace/code-generation/examtrackr-25008-f91dd9c9/examtrackr_main_container/node_modules/@babel/parser/lib/index.js:11833:22)
    at FlowParserMixin.parseNew (/home/kavia/workspace/code-generation/examtrackr-25008-f91dd9c9/examtrackr_main_container/node_modules/@babel/parser/lib/index.js:11431:25)
    at FlowParserMixin.parseNewOrNewTarget (/home/kavia/workspace/code-generation/examtrackr-25008-f91dd9c9/examtrackr_main_container/node_modules/@babel/parser/lib/index.js:11426:17)
    at FlowParserMixin.parseExprAtom (/home/kavia/workspace/code-generation/examtrackr-25008-f91dd9c9/examtrackr_main_container/node_modules/@babel/parser/lib/index.js:11033:21)
    at FlowParserMixin.parseExprAtom (/home/kavia/workspace/code-generation/examtrackr-25008-f91dd9c9/examtrackr_main_container/node_modules/@babel/parser/lib/index.js:6937:20)
    at FlowParserMixin.parseExprSubscripts (/home/kavia/workspace/code-generation/examtrackr-25008-f91dd9c9/examtrackr_main_container/node_modules/@babel/parser/lib/index.js:10758:23)

ERROR in [eslint] 
src/utils/icsExport.js
  Line 36:41:  Parsing error: Unterminated string constant. (36:41)

webpack compiled with 2 errors
Compiling...
Failed to compile.

[eslint] 
src/utils/icsExport.js
Syntax error: Unterminated string constant. (36:41) (36:41)
ERROR in ./src/utils/icsExport.js
Module build failed (from ./node_modules/babel-loader/lib/index.js):
SyntaxError: /home/kavia/workspace/code-generation/examtrackr-25008-f91dd9c9/examtrackr_main_container/src/utils/icsExport.js: Unterminated string constant. (36:41)

  34 |   }
  35 |   icsContent.push("END:VCALENDAR");
> 36 |   const blob = new Blob([icsContent.join("
     |                                          ^
  37 | ")], { type: "text/calendar" });
  38 |   const url = window.URL.createObjectURL(blob);
  39 |
    at constructor (/home/kavia/workspace/code-generation/examtrackr-25008-f91dd9c9/examtrackr_main_container/node_modules/@babel/parser/lib/index.js:360:19)
    at FlowParserMixin.raise (/home/kavia/workspace/code-generation/examtrackr-25008-f91dd9c9/examtrackr_main_container/node_modules/@babel/parser/lib/index.js:3327:19)
    at Object.unterminated (/home/kavia/workspace/code-generation/examtrackr-25008-f91dd9c9/examtrackr_main_container/node_modules/@babel/parser/lib/index.js:2395:20)
    at readStringContents (/home/kavia/workspace/code-generation/examtrackr-25008-f91dd9c9/examtrackr_main_container/node_modules/@babel/parser/lib/index.js:2137:16)
    at FlowParserMixin.readString (/home/kavia/workspace/code-generation/examtrackr-25008-f91dd9c9/examtrackr_main_container/node_modules/@babel/parser/lib/index.js:3226:9)
    at FlowParserMixin.getTokenFromCode (/home/kavia/workspace/code-generation/examtrackr-25008-f91dd9c9/examtrackr_main_container/node_modules/@babel/parser/lib/index.js:2986:14)
    at FlowParserMixin.getTokenFromCode (/home/kavia/workspace/code-generation/examtrackr-25008-f91dd9c9/examtrackr_main_container/node_modules/@babel/parser/lib/index.js:6970:11)
    at FlowParserMixin.getTokenFromCode (/home/kavia/workspace/code-generation/examtrackr-25008-f91dd9c9/examtrackr_main_container/node_modules/@babel/parser/lib/index.js:5419:13)
    at FlowParserMixin.nextToken (/home/kavia/workspace/code-generation/examtrackr-25008-f91dd9c9/examtrackr_main_container/node_modules/@babel/parser/lib/index.js:2510:10)
    at FlowParserMixin.next (/home/kavia/workspace/code-generation/examtrackr-25008-f91dd9c9/examtrackr_main_container/node_modules/@babel/parser/lib/index.js:2423:10)
    at FlowParserMixin.parseCoverCallAndAsyncArrowHead (/home/kavia/workspace/code-generation/examtrackr-25008-f91dd9c9/examtrackr_main_container/node_modules/@babel/parser/lib/index.js:10844:10)
    at FlowParserMixin.parseSubscript (/home/kavia/workspace/code-generation/examtrackr-25008-f91dd9c9/examtrackr_main_container/node_modules/@babel/parser/lib/index.js:10798:19)
    at FlowParserMixin.parseSubscript (/home/kavia/workspace/code-generation/examtrackr-25008-f91dd9c9/examtrackr_main_container/node_modules/@babel/parser/lib/index.js:5874:18)
    at FlowParserMixin.parseSubscripts (/home/kavia/workspace/code-generation/examtrackr-25008-f91dd9c9/examtrackr_main_container/node_modules/@babel/parser/lib/index.js:10771:19)
    at FlowParserMixin.parseSubscripts (/home/kavia/workspace/code-generation/examtrackr-25008-f91dd9c9/examtrackr_main_container/node_modules/@babel/parser/lib/index.js:5840:18)
    at FlowParserMixin.parseExprSubscripts (/home/kavia/workspace/code-generation/examtrackr-25008-f91dd9c9/examtrackr_main_container/node_modules/@babel/parser/lib/index.js:10762:17)
    at FlowParserMixin.parseUpdate (/home/kavia/workspace/code-generation/examtrackr-25008-f91dd9c9/examtrackr_main_container/node_modules/@babel/parser/lib/index.js:10743:21)
    at FlowParserMixin.parseMaybeUnary (/home/kavia/workspace/code-generation/examtrackr-25008-f91dd9c9/examtrackr_main_container/node_modules/@babel/parser/lib/index.js:10723:23)
    at FlowParserMixin.parseMaybeUnaryOrPrivate (/home/kavia/workspace/code-generation/examtrackr-25008-f91dd9c9/examtrackr_main_container/node_modules/@babel/parser/lib/index.js:10576:61)
    at FlowParserMixin.parseExprOps (/home/kavia/workspace/code-generation/examtrackr-25008-f91dd9c9/examtrackr_main_container/node_modules/@babel/parser/lib/index.js:10581:23)
    at FlowParserMixin.parseMaybeConditional (/home/kavia/workspace/code-generation/examtrackr-25008-f91dd9c9/examtrackr_main_container/node_modules/@babel/parser/lib/index.js:10558:23)
    at FlowParserMixin.parseMaybeAssign (/home/kavia/workspace/code-generation/examtrackr-25008-f91dd9c9/examtrackr_main_container/node_modules/@babel/parser/lib/index.js:10521:21)
    at FlowParserMixin.parseMaybeAssign (/home/kavia/workspace/code-generation/examtrackr-25008-f91dd9c9/examtrackr_main_container/node_modules/@babel/parser/lib/index.js:5773:18)
    at /home/kavia/workspace/code-generation/examtrackr-25008-f91dd9c9/examtrackr_main_container/node_modules/@babel/parser/lib/index.js:10491:39
    at FlowParserMixin.allowInAnd (/home/kavia/workspace/code-generation/examtrackr-25008-f91dd9c9/examtrackr_main_container/node_modules/@babel/parser/lib/index.js:12100:12)
    at FlowParserMixin.parseMaybeAssignAllowIn (/home/kavia/workspace/code-generation/examtrackr-25008-f91dd9c9/examtrackr_main_container/node_modules/@babel/parser/lib/index.js:10491:17)
    at FlowParserMixin.parseExprListItem (/home/kavia/workspace/code-generation/examtrackr-25008-f91dd9c9/examtrackr_main_container/node_modules/@babel/parser/lib/index.js:11858:18)
    at FlowParserMixin.parseExprList (/home/kavia/workspace/code-generation/examtrackr-25008-f91dd9c9/examtrackr_main_container/node_modules/@babel/parser/lib/index.js:11833:22)
    at FlowParserMixin.parseArrayLike (/home/kavia/workspace/code-generation/examtrackr-25008-f91dd9c9/examtrackr_main_container/node_modules/@babel/parser/lib/index.js:11740:26)
    at FlowParserMixin.parseArrayLike (/home/kavia/workspace/code-generation/examtrackr-25008-f91dd9c9/examtrackr_main_container/node_modules/@babel/parser/lib/index.js:5455:24)
    at FlowParserMixin.parseExprAtom (/home/kavia/workspace/code-generation/examtrackr-25008-f91dd9c9/examtrackr_main_container/node_modules/@babel/parser/lib/index.js:11015:23)
    at FlowParserMixin.parseExprAtom (/home/kavia/workspace/code-generation/examtrackr-25008-f91dd9c9/examtrackr_main_container/node_modules/@babel/parser/lib/index.js:6937:20)
    at FlowParserMixin.parseExprSubscripts (/home/kavia/workspace/code-generation/examtrackr-25008-f91dd9c9/examtrackr_main_container/node_modules/@babel/parser/lib/index.js:10758:23)
    at FlowParserMixin.parseUpdate (/home/kavia/workspace/code-generation/examtrackr-25008-f91dd9c9/examtrackr_main_container/node_modules/@babel/parser/lib/index.js:10743:21)
    at FlowParserMixin.parseMaybeUnary (/home/kavia/workspace/code-generation/examtrackr-25008-f91dd9c9/examtrackr_main_container/node_modules/@babel/parser/lib/index.js:10723:23)
    at FlowParserMixin.parseMaybeUnaryOrPrivate (/home/kavia/workspace/code-generation/examtrackr-25008-f91dd9c9/examtrackr_main_container/node_modules/@babel/parser/lib/index.js:10576:61)
    at FlowParserMixin.parseExprOps (/home/kavia/workspace/code-generation/examtrackr-25008-f91dd9c9/examtrackr_main_container/node_modules/@babel/parser/lib/index.js:10581:23)
    at FlowParserMixin.parseMaybeConditional (/home/kavia/workspace/code-generation/examtrackr-25008-f91dd9c9/examtrackr_main_container/node_modules/@babel/parser/lib/index.js:10558:23)
    at FlowParserMixin.parseMaybeAssign (/home/kavia/workspace/code-generation/examtrackr-25008-f91dd9c9/examtrackr_main_container/node_modules/@babel/parser/lib/index.js:10521:21)
    at FlowParserMixin.parseMaybeAssign (/home/kavia/workspace/code-generation/examtrackr-25008-f91dd9c9/examtrackr_main_container/node_modules/@babel/parser/lib/index.js:5773:18)
    at /home/kavia/workspace/code-generation/examtrackr-25008-f91dd9c9/examtrackr_main_container/node_modules/@babel/parser/lib/index.js:10491:39
    at FlowParserMixin.allowInAnd (/home/kavia/workspace/code-generation/examtrackr-25008-f91dd9c9/examtrackr_main_container/node_modules/@babel/parser/lib/index.js:12100:12)
    at FlowParserMixin.parseMaybeAssignAllowIn (/home/kavia/workspace/code-generation/examtrackr-25008-f91dd9c9/examtrackr_main_container/node_modules/@babel/parser/lib/index.js:10491:17)
    at FlowParserMixin.parseExprListItem (/home/kavia/workspace/code-generation/examtrackr-25008-f91dd9c9/examtrackr_main_container/node_modules/@babel/parser/lib/index.js:11858:18)
    at FlowParserMixin.parseExprList (/home/kavia/workspace/code-generation/examtrackr-25008-f91dd9c9/examtrackr_main_container/node_modules/@babel/parser/lib/index.js:11833:22)
    at FlowParserMixin.parseNew (/home/kavia/workspace/code-generation/examtrackr-25008-f91dd9c9/examtrackr_main_container/node_modules/@babel/parser/lib/index.js:11431:25)
    at FlowParserMixin.parseNewOrNewTarget (/home/kavia/workspace/code-generation/examtrackr-25008-f91dd9c9/examtrackr_main_container/node_modules/@babel/parser/lib/index.js:11426:17)
    at FlowParserMixin.parseExprAtom (/home/kavia/workspace/code-generation/examtrackr-25008-f91dd9c9/examtrackr_main_container/node_modules/@babel/parser/lib/index.js:11033:21)
    at FlowParserMixin.parseExprAtom (/home/kavia/workspace/code-generation/examtrackr-25008-f91dd9c9/examtrackr_main_container/node_modules/@babel/parser/lib/index.js:6937:20)
    at FlowParserMixin.parseExprSubscripts (/home/kavia/workspace/code-generation/examtrackr-25008-f91dd9c9/examtrackr_main_container/node_modules/@babel/parser/lib/index.js:10758:23)

ERROR in [eslint] 
src/utils/icsExport.js
  Line 36:41:  Parsing error: Unterminated string constant. (36:41)

webpack compiled with 2 errors
Compiling...
Failed to compile.

[eslint] 
src/utils/icsExport.js
Syntax error: Unterminated string constant. (36:41) (36:41)
ERROR in ./src/utils/icsExport.js
Module build failed (from ./node_modules/babel-loader/lib/index.js):
SyntaxError: /home/kavia/workspace/code-generation/examtrackr-25008-f91dd9c9/examtrackr_main_container/src/utils/icsExport.js: Unterminated string constant. (36:41)

  34 |   }
  35 |   icsContent.push("END:VCALENDAR");
> 36 |   const blob = new Blob([icsContent.join("
     |                                          ^
  37 | ")], { type: "text/calendar" });
  38 |   const url = window.URL.createObjectURL(blob);
  39 |
    at constructor (/home/kavia/workspace/code-generation/examtrackr-25008-f91dd9c9/examtrackr_main_container/node_modules/@babel/parser/lib/index.js:360:19)
    at FlowParserMixin.raise (/home/kavia/workspace/code-generation/examtrackr-25008-f91dd9c9/examtrackr_main_container/node_modules/@babel/parser/lib/index.js:3327:19)
    at Object.unterminated (/home/kavia/workspace/code-generation/examtrackr-25008-f91dd9c9/examtrackr_main_container/node_modules/@babel/parser/lib/index.js:2395:20)
    at readStringContents (/home/kavia/workspace/code-generation/examtrackr-25008-f91dd9c9/examtrackr_main_container/node_modules/@babel/parser/lib/index.js:2137:16)
    at FlowParserMixin.readString (/home/kavia/workspace/code-generation/examtrackr-25008-f91dd9c9/examtrackr_main_container/node_modules/@babel/parser/lib/index.js:3226:9)
    at FlowParserMixin.getTokenFromCode (/home/kavia/workspace/code-generation/examtrackr-25008-f91dd9c9/examtrackr_main_container/node_modules/@babel/parser/lib/index.js:2986:14)
    at FlowParserMixin.getTokenFromCode (/home/kavia/workspace/code-generation/examtrackr-25008-f91dd9c9/examtrackr_main_container/node_modules/@babel/parser/lib/index.js:6970:11)
    at FlowParserMixin.getTokenFromCode (/home/kavia/workspace/code-generation/examtrackr-25008-f91dd9c9/examtrackr_main_container/node_modules/@babel/parser/lib/index.js:5419:13)
    at FlowParserMixin.nextToken (/home/kavia/workspace/code-generation/examtrackr-25008-f91dd9c9/examtrackr_main_container/node_modules/@babel/parser/lib/index.js:2510:10)
    at FlowParserMixin.next (/home/kavia/workspace/code-generation/examtrackr-25008-f91dd9c9/examtrackr_main_container/node_modules/@babel/parser/lib/index.js:2423:10)
    at FlowParserMixin.parseCoverCallAndAsyncArrowHead (/home/kavia/workspace/code-generation/examtrackr-25008-f91dd9c9/examtrackr_main_container/node_modules/@babel/parser/lib/index.js:10844:10)
    at FlowParserMixin.parseSubscript (/home/kavia/workspace/code-generation/examtrackr-25008-f91dd9c9/examtrackr_main_container/node_modules/@babel/parser/lib/index.js:10798:19)
    at FlowParserMixin.parseSubscript (/home/kavia/workspace/code-generation/examtrackr-25008-f91dd9c9/examtrackr_main_container/node_modules/@babel/parser/lib/index.js:5874:18)
    at FlowParserMixin.parseSubscripts (/home/kavia/workspace/code-generation/examtrackr-25008-f91dd9c9/examtrackr_main_container/node_modules/@babel/parser/lib/index.js:10771:19)
    at FlowParserMixin.parseSubscripts (/home/kavia/workspace/code-generation/examtrackr-25008-f91dd9c9/examtrackr_main_container/node_modules/@babel/parser/lib/index.js:5840:18)
    at FlowParserMixin.parseExprSubscripts (/home/kavia/workspace/code-generation/examtrackr-25008-f91dd9c9/examtrackr_main_container/node_modules/@babel/parser/lib/index.js:10762:17)
    at FlowParserMixin.parseUpdate (/home/kavia/workspace/code-generation/examtrackr-25008-f91dd9c9/examtrackr_main_container/node_modules/@babel/parser/lib/index.js:10743:21)
    at FlowParserMixin.parseMaybeUnary (/home/kavia/workspace/code-generation/examtrackr-25008-f91dd9c9/examtrackr_main_container/node_modules/@babel/parser/lib/index.js:10723:23)
    at FlowParserMixin.parseMaybeUnaryOrPrivate (/home/kavia/workspace/code-generation/examtrackr-25008-f91dd9c9/examtrackr_main_container/node_modules/@babel/parser/lib/index.js:10576:61)
    at FlowParserMixin.parseExprOps (/home/kavia/workspace/code-generation/examtrackr-25008-f91dd9c9/examtrackr_main_container/node_modules/@babel/parser/lib/index.js:10581:23)
    at FlowParserMixin.parseMaybeConditional (/home/kavia/workspace/code-generation/examtrackr-25008-f91dd9c9/examtrackr_main_container/node_modules/@babel/parser/lib/index.js:10558:23)
    at FlowParserMixin.parseMaybeAssign (/home/kavia/workspace/code-generation/examtrackr-25008-f91dd9c9/examtrackr_main_container/node_modules/@babel/parser/lib/index.js:10521:21)
    at FlowParserMixin.parseMaybeAssign (/home/kavia/workspace/code-generation/examtrackr-25008-f91dd9c9/examtrackr_main_container/node_modules/@babel/parser/lib/index.js:5773:18)
    at /home/kavia/workspace/code-generation/examtrackr-25008-f91dd9c9/examtrackr_main_container/node_modules/@babel/parser/lib/index.js:10491:39
    at FlowParserMixin.allowInAnd (/home/kavia/workspace/code-generation/examtrackr-25008-f91dd9c9/examtrackr_main_container/node_modules/@babel/parser/lib/index.js:12100:12)
    at FlowParserMixin.parseMaybeAssignAllowIn (/home/kavia/workspace/code-generation/examtrackr-25008-f91dd9c9/examtrackr_main_container/node_modules/@babel/parser/lib/index.js:10491:17)
    at FlowParserMixin.parseExprListItem (/home/kavia/workspace/code-generation/examtrackr-25008-f91dd9c9/examtrackr_main_container/node_modules/@babel/parser/lib/index.js:11858:18)
    at FlowParserMixin.parseExprList (/home/kavia/workspace/code-generation/examtrackr-25008-f91dd9c9/examtrackr_main_container/node_modules/@babel/parser/lib/index.js:11833:22)
    at FlowParserMixin.parseArrayLike (/home/kavia/workspace/code-generation/examtrackr-25008-f91dd9c9/examtrackr_main_container/node_modules/@babel/parser/lib/index.js:11740:26)
    at FlowParserMixin.parseArrayLike (/home/kavia/workspace/code-generation/examtrackr-25008-f91dd9c9/examtrackr_main_container/node_modules/@babel/parser/lib/index.js:5455:24)
    at FlowParserMixin.parseExprAtom (/home/kavia/workspace/code-generation/examtrackr-25008-f91dd9c9/examtrackr_main_container/node_modules/@babel/parser/lib/index.js:11015:23)
    at FlowParserMixin.parseExprAtom (/home/kavia/workspace/code-generation/examtrackr-25008-f91dd9c9/examtrackr_main_container/node_modules/@babel/parser/lib/index.js:6937:20)
    at FlowParserMixin.parseExprSubscripts (/home/kavia/workspace/code-generation/examtrackr-25008-f91dd9c9/examtrackr_main_container/node_modules/@babel/parser/lib/index.js:10758:23)
    at FlowParserMixin.parseUpdate (/home/kavia/workspace/code-generation/examtrackr-25008-f91dd9c9/examtrackr_main_container/node_modules/@babel/parser/lib/index.js:10743:21)
    at FlowParserMixin.parseMaybeUnary (/home/kavia/workspace/code-generation/examtrackr-25008-f91dd9c9/examtrackr_main_container/node_modules/@babel/parser/lib/index.js:10723:23)
    at FlowParserMixin.parseMaybeUnaryOrPrivate (/home/kavia/workspace/code-generation/examtrackr-25008-f91dd9c9/examtrackr_main_container/node_modules/@babel/parser/lib/index.js:10576:61)
    at FlowParserMixin.parseExprOps (/home/kavia/workspace/code-generation/examtrackr-25008-f91dd9c9/examtrackr_main_container/node_modules/@babel/parser/lib/index.js:10581:23)
    at FlowParserMixin.parseMaybeConditional (/home/kavia/workspace/code-generation/examtrackr-25008-f91dd9c9/examtrackr_main_container/node_modules/@babel/parser/lib/index.js:10558:23)
    at FlowParserMixin.parseMaybeAssign (/home/kavia/workspace/code-generation/examtrackr-25008-f91dd9c9/examtrackr_main_container/node_modules/@babel/parser/lib/index.js:10521:21)
    at FlowParserMixin.parseMaybeAssign (/home/kavia/workspace/code-generation/examtrackr-25008-f91dd9c9/examtrackr_main_container/node_modules/@babel/parser/lib/index.js:5773:18)
    at /home/kavia/workspace/code-generation/examtrackr-25008-f91dd9c9/examtrackr_main_container/node_modules/@babel/parser/lib/index.js:10491:39
    at FlowParserMixin.allowInAnd (/home/kavia/workspace/code-generation/examtrackr-25008-f91dd9c9/examtrackr_main_container/node_modules/@babel/parser/lib/index.js:12100:12)
    at FlowParserMixin.parseMaybeAssignAllowIn (/home/kavia/workspace/code-generation/examtrackr-25008-f91dd9c9/examtrackr_main_container/node_modules/@babel/parser/lib/index.js:10491:17)
    at FlowParserMixin.parseExprListItem (/home/kavia/workspace/code-generation/examtrackr-25008-f91dd9c9/examtrackr_main_container/node_modules/@babel/parser/lib/index.js:11858:18)
    at FlowParserMixin.parseExprList (/home/kavia/workspace/code-generation/examtrackr-25008-f91dd9c9/examtrackr_main_container/node_modules/@babel/parser/lib/index.js:11833:22)
    at FlowParserMixin.parseNew (/home/kavia/workspace/code-generation/examtrackr-25008-f91dd9c9/examtrackr_main_container/node_modules/@babel/parser/lib/index.js:11431:25)
    at FlowParserMixin.parseNewOrNewTarget (/home/kavia/workspace/code-generation/examtrackr-25008-f91dd9c9/examtrackr_main_container/node_modules/@babel/parser/lib/index.js:11426:17)
    at FlowParserMixin.parseExprAtom (/home/kavia/workspace/code-generation/examtrackr-25008-f91dd9c9/examtrackr_main_container/node_modules/@babel/parser/lib/index.js:11033:21)
    at FlowParserMixin.parseExprAtom (/home/kavia/workspace/code-generation/examtrackr-25008-f91dd9c9/examtrackr_main_container/node_modules/@babel/parser/lib/index.js:6937:20)
    at FlowParserMixin.parseExprSubscripts (/home/kavia/workspace/code-generation/examtrackr-25008-f91dd9c9/examtrackr_main_container/node_modules/@babel/parser/lib/index.js:10758:23)

ERROR in [eslint] 
src/utils/icsExport.js
  Line 36:41:  Parsing error: Unterminated string constant. (36:41)

webpack compiled with 2 errors
Compiling...
Failed to compile.

[eslint] 
src/utils/icsExport.js
Syntax error: Unterminated string constant. (36:41) (36:41)
ERROR in ./src/utils/icsExport.js
Module build failed (from ./node_modules/babel-loader/lib/index.js):
SyntaxError: /home/kavia/workspace/code-generation/examtrackr-25008-f91dd9c9/examtrackr_main_container/src/utils/icsExport.js: Unterminated string constant. (36:41)

  34 |   }
  35 |   icsContent.push("END:VCALENDAR");
> 36 |   const blob = new Blob([icsContent.join("
     |                                          ^
  37 | ")], { type: "text/calendar" });
  38 |   const url = window.URL.createObjectURL(blob);
  39 |
    at constructor (/home/kavia/workspace/code-generation/examtrackr-25008-f91dd9c9/examtrackr_main_container/node_modules/@babel/parser/lib/index.js:360:19)
    at FlowParserMixin.raise (/home/kavia/workspace/code-generation/examtrackr-25008-f91dd9c9/examtrackr_main_container/node_modules/@babel/parser/lib/index.js:3327:19)
    at Object.unterminated (/home/kavia/workspace/code-generation/examtrackr-25008-f91dd9c9/examtrackr_main_container/node_modules/@babel/parser/lib/index.js:2395:20)
    at readStringContents (/home/kavia/workspace/code-generation/examtrackr-25008-f91dd9c9/examtrackr_main_container/node_modules/@babel/parser/lib/index.js:2137:16)
    at FlowParserMixin.readString (/home/kavia/workspace/code-generation/examtrackr-25008-f91dd9c9/examtrackr_main_container/node_modules/@babel/parser/lib/index.js:3226:9)
    at FlowParserMixin.getTokenFromCode (/home/kavia/workspace/code-generation/examtrackr-25008-f91dd9c9/examtrackr_main_container/node_modules/@babel/parser/lib/index.js:2986:14)
    at FlowParserMixin.getTokenFromCode (/home/kavia/workspace/code-generation/examtrackr-25008-f91dd9c9/examtrackr_main_container/node_modules/@babel/parser/lib/index.js:6970:11)
    at FlowParserMixin.getTokenFromCode (/home/kavia/workspace/code-generation/examtrackr-25008-f91dd9c9/examtrackr_main_container/node_modules/@babel/parser/lib/index.js:5419:13)
    at FlowParserMixin.nextToken (/home/kavia/workspace/code-generation/examtrackr-25008-f91dd9c9/examtrackr_main_container/node_modules/@babel/parser/lib/index.js:2510:10)
    at FlowParserMixin.next (/home/kavia/workspace/code-generation/examtrackr-25008-f91dd9c9/examtrackr_main_container/node_modules/@babel/parser/lib/index.js:2423:10)
    at FlowParserMixin.parseCoverCallAndAsyncArrowHead (/home/kavia/workspace/code-generation/examtrackr-25008-f91dd9c9/examtrackr_main_container/node_modules/@babel/parser/lib/index.js:10844:10)
    at FlowParserMixin.parseSubscript (/home/kavia/workspace/code-generation/examtrackr-25008-f91dd9c9/examtrackr_main_container/node_modules/@babel/parser/lib/index.js:10798:19)
    at FlowParserMixin.parseSubscript (/home/kavia/workspace/code-generation/examtrackr-25008-f91dd9c9/examtrackr_main_container/node_modules/@babel/parser/lib/index.js:5874:18)
    at FlowParserMixin.parseSubscripts (/home/kavia/workspace/code-generation/examtrackr-25008-f91dd9c9/examtrackr_main_container/node_modules/@babel/parser/lib/index.js:10771:19)
    at FlowParserMixin.parseSubscripts (/home/kavia/workspace/code-generation/examtrackr-25008-f91dd9c9/examtrackr_main_container/node_modules/@babel/parser/lib/index.js:5840:18)
    at FlowParserMixin.parseExprSubscripts (/home/kavia/workspace/code-generation/examtrackr-25008-f91dd9c9/examtrackr_main_container/node_modules/@babel/parser/lib/index.js:10762:17)
    at FlowParserMixin.parseUpdate (/home/kavia/workspace/code-generation/examtrackr-25008-f91dd9c9/examtrackr_main_container/node_modules/@babel/parser/lib/index.js:10743:21)
    at FlowParserMixin.parseMaybeUnary (/home/kavia/workspace/code-generation/examtrackr-25008-f91dd9c9/examtrackr_main_container/node_modules/@babel/parser/lib/index.js:10723:23)
    at FlowParserMixin.parseMaybeUnaryOrPrivate (/home/kavia/workspace/code-generation/examtrackr-25008-f91dd9c9/examtrackr_main_container/node_modules/@babel/parser/lib/index.js:10576:61)
    at FlowParserMixin.parseExprOps (/home/kavia/workspace/code-generation/examtrackr-25008-f91dd9c9/examtrackr_main_container/node_modules/@babel/parser/lib/index.js:10581:23)
    at FlowParserMixin.parseMaybeConditional (/home/kavia/workspace/code-generation/examtrackr-25008-f91dd9c9/examtrackr_main_container/node_modules/@babel/parser/lib/index.js:10558:23)
    at FlowParserMixin.parseMaybeAssign (/home/kavia/workspace/code-generation/examtrackr-25008-f91dd9c9/examtrackr_main_container/node_modules/@babel/parser/lib/index.js:10521:21)
    at FlowParserMixin.parseMaybeAssign (/home/kavia/workspace/code-generation/examtrackr-25008-f91dd9c9/examtrackr_main_container/node_modules/@babel/parser/lib/index.js:5773:18)
    at /home/kavia/workspace/code-generation/examtrackr-25008-f91dd9c9/examtrackr_main_container/node_modules/@babel/parser/lib/index.js:10491:39
    at FlowParserMixin.allowInAnd (/home/kavia/workspace/code-generation/examtrackr-25008-f91dd9c9/examtrackr_main_container/node_modules/@babel/parser/lib/index.js:12100:12)
    at FlowParserMixin.parseMaybeAssignAllowIn (/home/kavia/workspace/code-generation/examtrackr-25008-f91dd9c9/examtrackr_main_container/node_modules/@babel/parser/lib/index.js:10491:17)
    at FlowParserMixin.parseExprListItem (/home/kavia/workspace/code-generation/examtrackr-25008-f91dd9c9/examtrackr_main_container/node_modules/@babel/parser/lib/index.js:11858:18)
    at FlowParserMixin.parseExprList (/home/kavia/workspace/code-generation/examtrackr-25008-f91dd9c9/examtrackr_main_container/node_modules/@babel/parser/lib/index.js:11833:22)
    at FlowParserMixin.parseArrayLike (/home/kavia/workspace/code-generation/examtrackr-25008-f91dd9c9/examtrackr_main_container/node_modules/@babel/parser/lib/index.js:11740:26)
    at FlowParserMixin.parseArrayLike (/home/kavia/workspace/code-generation/examtrackr-25008-f91dd9c9/examtrackr_main_container/node_modules/@babel/parser/lib/index.js:5455:24)
    at FlowParserMixin.parseExprAtom (/home/kavia/workspace/code-generation/examtrackr-25008-f91dd9c9/examtrackr_main_container/node_modules/@babel/parser/lib/index.js:11015:23)
    at FlowParserMixin.parseExprAtom (/home/kavia/workspace/code-generation/examtrackr-25008-f91dd9c9/examtrackr_main_container/node_modules/@babel/parser/lib/index.js:6937:20)
    at FlowParserMixin.parseExprSubscripts (/home/kavia/workspace/code-generation/examtrackr-25008-f91dd9c9/examtrackr_main_container/node_modules/@babel/parser/lib/index.js:10758:23)
    at FlowParserMixin.parseUpdate (/home/kavia/workspace/code-generation/examtrackr-25008-f91dd9c9/examtrackr_main_container/node_modules/@babel/parser/lib/index.js:10743:21)
    at FlowParserMixin.parseMaybeUnary (/home/kavia/workspace/code-generation/examtrackr-25008-f91dd9c9/examtrackr_main_container/node_modules/@babel/parser/lib/index.js:10723:23)
    at FlowParserMixin.parseMaybeUnaryOrPrivate (/home/kavia/workspace/code-generation/examtrackr-25008-f91dd9c9/examtrackr_main_container/node_modules/@babel/parser/lib/index.js:10576:61)
    at FlowParserMixin.parseExprOps (/home/kavia/workspace/code-generation/examtrackr-25008-f91dd9c9/examtrackr_main_container/node_modules/@babel/parser/lib/index.js:10581:23)
    at FlowParserMixin.parseMaybeConditional (/home/kavia/workspace/code-generation/examtrackr-25008-f91dd9c9/examtrackr_main_container/node_modules/@babel/parser/lib/index.js:10558:23)
    at FlowParserMixin.parseMaybeAssign (/home/kavia/workspace/code-generation/examtrackr-25008-f91dd9c9/examtrackr_main_container/node_modules/@babel/parser/lib/index.js:10521:21)
    at FlowParserMixin.parseMaybeAssign (/home/kavia/workspace/code-generation/examtrackr-25008-f91dd9c9/examtrackr_main_container/node_modules/@babel/parser/lib/index.js:5773:18)
    at /home/kavia/workspace/code-generation/examtrackr-25008-f91dd9c9/examtrackr_main_container/node_modules/@babel/parser/lib/index.js:10491:39
    at FlowParserMixin.allowInAnd (/home/kavia/workspace/code-generation/examtrackr-25008-f91dd9c9/examtrackr_main_container/node_modules/@babel/parser/lib/index.js:12100:12)
    at FlowParserMixin.parseMaybeAssignAllowIn (/home/kavia/workspace/code-generation/examtrackr-25008-f91dd9c9/examtrackr_main_container/node_modules/@babel/parser/lib/index.js:10491:17)
    at FlowParserMixin.parseExprListItem (/home/kavia/workspace/code-generation/examtrackr-25008-f91dd9c9/examtrackr_main_container/node_modules/@babel/parser/lib/index.js:11858:18)
    at FlowParserMixin.parseExprList (/home/kavia/workspace/code-generation/examtrackr-25008-f91dd9c9/examtrackr_main_container/node_modules/@babel/parser/lib/index.js:11833:22)
    at FlowParserMixin.parseNew (/home/kavia/workspace/code-generation/examtrackr-25008-f91dd9c9/examtrackr_main_container/node_modules/@babel/parser/lib/index.js:11431:25)
    at FlowParserMixin.parseNewOrNewTarget (/home/kavia/workspace/code-generation/examtrackr-25008-f91dd9c9/examtrackr_main_container/node_modules/@babel/parser/lib/index.js:11426:17)
    at FlowParserMixin.parseExprAtom (/home/kavia/workspace/code-generation/examtrackr-25008-f91dd9c9/examtrackr_main_container/node_modules/@babel/parser/lib/index.js:11033:21)
    at FlowParserMixin.parseExprAtom (/home/kavia/workspace/code-generation/examtrackr-25008-f91dd9c9/examtrackr_main_container/node_modules/@babel/parser/lib/index.js:6937:20)
    at FlowParserMixin.parseExprSubscripts (/home/kavia/workspace/code-generation/examtrackr-25008-f91dd9c9/examtrackr_main_container/node_modules/@babel/parser/lib/index.js:10758:23)

ERROR in [eslint] 
src/utils/icsExport.js
  Line 36:41:  Parsing error: Unterminated string constant. (36:41)

webpack compiled with 2 errors
Compiling...
Failed to compile.

[eslint] 
src/utils/icsExport.js
Syntax error: Unterminated string constant. (36:41) (36:41)
ERROR in ./src/utils/icsExport.js
Module build failed (from ./node_modules/babel-loader/lib/index.js):
SyntaxError: /home/kavia/workspace/code-generation/examtrackr-25008-f91dd9c9/examtrackr_main_container/src/utils/icsExport.js: Unterminated string constant. (36:41)

  34 |   }
  35 |   icsContent.push("END:VCALENDAR");
> 36 |   const blob = new Blob([icsContent.join("
     |                                          ^
  37 | ")], { type: "text/calendar" });
  38 |   const url = window.URL.createObjectURL(blob);
  39 |
    at constructor (/home/kavia/workspace/code-generation/examtrackr-25008-f91dd9c9/examtrackr_main_container/node_modules/@babel/parser/lib/index.js:360:19)
    at FlowParserMixin.raise (/home/kavia/workspace/code-generation/examtrackr-25008-f91dd9c9/examtrackr_main_container/node_modules/@babel/parser/lib/index.js:3327:19)
    at Object.unterminated (/home/kavia/workspace/code-generation/examtrackr-25008-f91dd9c9/examtrackr_main_container/node_modules/@babel/parser/lib/index.js:2395:20)
    at readStringContents (/home/kavia/workspace/code-generation/examtrackr-25008-f91dd9c9/examtrackr_main_container/node_modules/@babel/parser/lib/index.js:2137:16)
    at FlowParserMixin.readString (/home/kavia/workspace/code-generation/examtrackr-25008-f91dd9c9/examtrackr_main_container/node_modules/@babel/parser/lib/index.js:3226:9)
    at FlowParserMixin.getTokenFromCode (/home/kavia/workspace/code-generation/examtrackr-25008-f91dd9c9/examtrackr_main_container/node_modules/@babel/parser/lib/index.js:2986:14)
    at FlowParserMixin.getTokenFromCode (/home/kavia/workspace/code-generation/examtrackr-25008-f91dd9c9/examtrackr_main_container/node_modules/@babel/parser/lib/index.js:6970:11)
    at FlowParserMixin.getTokenFromCode (/home/kavia/workspace/code-generation/examtrackr-25008-f91dd9c9/examtrackr_main_container/node_modules/@babel/parser/lib/index.js:5419:13)
    at FlowParserMixin.nextToken (/home/kavia/workspace/code-generation/examtrackr-25008-f91dd9c9/examtrackr_main_container/node_modules/@babel/parser/lib/index.js:2510:10)
    at FlowParserMixin.next (/home/kavia/workspace/code-generation/examtrackr-25008-f91dd9c9/examtrackr_main_container/node_modules/@babel/parser/lib/index.js:2423:10)
    at FlowParserMixin.parseCoverCallAndAsyncArrowHead (/home/kavia/workspace/code-generation/examtrackr-25008-f91dd9c9/examtrackr_main_container/node_modules/@babel/parser/lib/index.js:10844:10)
    at FlowParserMixin.parseSubscript (/home/kavia/workspace/code-generation/examtrackr-25008-f91dd9c9/examtrackr_main_container/node_modules/@babel/parser/lib/index.js:10798:19)
    at FlowParserMixin.parseSubscript (/home/kavia/workspace/code-generation/examtrackr-25008-f91dd9c9/examtrackr_main_container/node_modules/@babel/parser/lib/index.js:5874:18)
    at FlowParserMixin.parseSubscripts (/home/kavia/workspace/code-generation/examtrackr-25008-f91dd9c9/examtrackr_main_container/node_modules/@babel/parser/lib/index.js:10771:19)
    at FlowParserMixin.parseSubscripts (/home/kavia/workspace/code-generation/examtrackr-25008-f91dd9c9/examtrackr_main_container/node_modules/@babel/parser/lib/index.js:5840:18)
    at FlowParserMixin.parseExprSubscripts (/home/kavia/workspace/code-generation/examtrackr-25008-f91dd9c9/examtrackr_main_container/node_modules/@babel/parser/lib/index.js:10762:17)
    at FlowParserMixin.parseUpdate (/home/kavia/workspace/code-generation/examtrackr-25008-f91dd9c9/examtrackr_main_container/node_modules/@babel/parser/lib/index.js:10743:21)
    at FlowParserMixin.parseMaybeUnary (/home/kavia/workspace/code-generation/examtrackr-25008-f91dd9c9/examtrackr_main_container/node_modules/@babel/parser/lib/index.js:10723:23)
    at FlowParserMixin.parseMaybeUnaryOrPrivate (/home/kavia/workspace/code-generation/examtrackr-25008-f91dd9c9/examtrackr_main_container/node_modules/@babel/parser/lib/index.js:10576:61)
    at FlowParserMixin.parseExprOps (/home/kavia/workspace/code-generation/examtrackr-25008-f91dd9c9/examtrackr_main_container/node_modules/@babel/parser/lib/index.js:10581:23)
    at FlowParserMixin.parseMaybeConditional (/home/kavia/workspace/code-generation/examtrackr-25008-f91dd9c9/examtrackr_main_container/node_modules/@babel/parser/lib/index.js:10558:23)
    at FlowParserMixin.parseMaybeAssign (/home/kavia/workspace/code-generation/examtrackr-25008-f91dd9c9/examtrackr_main_container/node_modules/@babel/parser/lib/index.js:10521:21)
    at FlowParserMixin.parseMaybeAssign (/home/kavia/workspace/code-generation/examtrackr-25008-f91dd9c9/examtrackr_main_container/node_modules/@babel/parser/lib/index.js:5773:18)
    at /home/kavia/workspace/code-generation/examtrackr-25008-f91dd9c9/examtrackr_main_container/node_modules/@babel/parser/lib/index.js:10491:39
    at FlowParserMixin.allowInAnd (/home/kavia/workspace/code-generation/examtrackr-25008-f91dd9c9/examtrackr_main_container/node_modules/@babel/parser/lib/index.js:12100:12)
    at FlowParserMixin.parseMaybeAssignAllowIn (/home/kavia/workspace/code-generation/examtrackr-25008-f91dd9c9/examtrackr_main_container/node_modules/@babel/parser/lib/index.js:10491:17)
    at FlowParserMixin.parseExprListItem (/home/kavia/workspace/code-generation/examtrackr-25008-f91dd9c9/examtrackr_main_container/node_modules/@babel/parser/lib/index.js:11858:18)
    at FlowParserMixin.parseExprList (/home/kavia/workspace/code-generation/examtrackr-25008-f91dd9c9/examtrackr_main_container/node_modules/@babel/parser/lib/index.js:11833:22)
    at FlowParserMixin.parseArrayLike (/home/kavia/workspace/code-generation/examtrackr-25008-f91dd9c9/examtrackr_main_container/node_modules/@babel/parser/lib/index.js:11740:26)
    at FlowParserMixin.parseArrayLike (/home/kavia/workspace/code-generation/examtrackr-25008-f91dd9c9/examtrackr_main_container/node_modules/@babel/parser/lib/index.js:5455:24)
    at FlowParserMixin.parseExprAtom (/home/kavia/workspace/code-generation/examtrackr-25008-f91dd9c9/examtrackr_main_container/node_modules/@babel/parser/lib/index.js:11015:23)
    at FlowParserMixin.parseExprAtom (/home/kavia/workspace/code-generation/examtrackr-25008-f91dd9c9/examtrackr_main_container/node_modules/@babel/parser/lib/index.js:6937:20)
    at FlowParserMixin.parseExprSubscripts (/home/kavia/workspace/code-generation/examtrackr-25008-f91dd9c9/examtrackr_main_container/node_modules/@babel/parser/lib/index.js:10758:23)
    at FlowParserMixin.parseUpdate (/home/kavia/workspace/code-generation/examtrackr-25008-f91dd9c9/examtrackr_main_container/node_modules/@babel/parser/lib/index.js:10743:21)
    at FlowParserMixin.parseMaybeUnary (/home/kavia/workspace/code-generation/examtrackr-25008-f91dd9c9/examtrackr_main_container/node_modules/@babel/parser/lib/index.js:10723:23)
    at FlowParserMixin.parseMaybeUnaryOrPrivate (/home/kavia/workspace/code-generation/examtrackr-25008-f91dd9c9/examtrackr_main_container/node_modules/@babel/parser/lib/index.js:10576:61)
    at FlowParserMixin.parseExprOps (/home/kavia/workspace/code-generation/examtrackr-25008-f91dd9c9/examtrackr_main_container/node_modules/@babel/parser/lib/index.js:10581:23)
    at FlowParserMixin.parseMaybeConditional (/home/kavia/workspace/code-generation/examtrackr-25008-f91dd9c9/examtrackr_main_container/node_modules/@babel/parser/lib/index.js:10558:23)
    at FlowParserMixin.parseMaybeAssign (/home/kavia/workspace/code-generation/examtrackr-25008-f91dd9c9/examtrackr_main_container/node_modules/@babel/parser/lib/index.js:10521:21)
    at FlowParserMixin.parseMaybeAssign (/home/kavia/workspace/code-generation/examtrackr-25008-f91dd9c9/examtrackr_main_container/node_modules/@babel/parser/lib/index.js:5773:18)
    at /home/kavia/workspace/code-generation/examtrackr-25008-f91dd9c9/examtrackr_main_container/node_modules/@babel/parser/lib/index.js:10491:39
    at FlowParserMixin.allowInAnd (/home/kavia/workspace/code-generation/examtrackr-25008-f91dd9c9/examtrackr_main_container/node_modules/@babel/parser/lib/index.js:12100:12)
    at FlowParserMixin.parseMaybeAssignAllowIn (/home/kavia/workspace/code-generation/examtrackr-25008-f91dd9c9/examtrackr_main_container/node_modules/@babel/parser/lib/index.js:10491:17)
    at FlowParserMixin.parseExprListItem (/home/kavia/workspace/code-generation/examtrackr-25008-f91dd9c9/examtrackr_main_container/node_modules/@babel/parser/lib/index.js:11858:18)
    at FlowParserMixin.parseExprList (/home/kavia/workspace/code-generation/examtrackr-25008-f91dd9c9/examtrackr_main_container/node_modules/@babel/parser/lib/index.js:11833:22)
    at FlowParserMixin.parseNew (/home/kavia/workspace/code-generation/examtrackr-25008-f91dd9c9/examtrackr_main_container/node_modules/@babel/parser/lib/index.js:11431:25)
    at FlowParserMixin.parseNewOrNewTarget (/home/kavia/workspace/code-generation/examtrackr-25008-f91dd9c9/examtrackr_main_container/node_modules/@babel/parser/lib/index.js:11426:17)
    at FlowParserMixin.parseExprAtom (/home/kavia/workspace/code-generation/examtrackr-25008-f91dd9c9/examtrackr_main_container/node_modules/@babel/parser/lib/index.js:11033:21)
    at FlowParserMixin.parseExprAtom (/home/kavia/workspace/code-generation/examtrackr-25008-f91dd9c9/examtrackr_main_container/node_modules/@babel/parser/lib/index.js:6937:20)
    at FlowParserMixin.parseExprSubscripts (/home/kavia/workspace/code-generation/examtrackr-25008-f91dd9c9/examtrackr_main_container/node_modules/@babel/parser/lib/index.js:10758:23)

ERROR in [eslint] 
src/utils/icsExport.js
  Line 36:41:  Parsing error: Unterminated string constant. (36:41)

webpack compiled with 2 errors
Compiling...
Failed to compile.

[eslint] 
src/utils/icsExport.js
Syntax error: Unterminated string constant. (36:41) (36:41)
ERROR in ./src/utils/icsExport.js
Module build failed (from ./node_modules/babel-loader/lib/index.js):
SyntaxError: /home/kavia/workspace/code-generation/examtrackr-25008-f91dd9c9/examtrackr_main_container/src/utils/icsExport.js: Unterminated string constant. (36:41)

  34 |   }
  35 |   icsContent.push("END:VCALENDAR");
> 36 |   const blob = new Blob([icsContent.join("
     |                                          ^
  37 | ")], { type: "text/calendar" });
  38 |   const url = window.URL.createObjectURL(blob);
  39 |
    at constructor (/home/kavia/workspace/code-generation/examtrackr-25008-f91dd9c9/examtrackr_main_container/node_modules/@babel/parser/lib/index.js:360:19)
    at FlowParserMixin.raise (/home/kavia/workspace/code-generation/examtrackr-25008-f91dd9c9/examtrackr_main_container/node_modules/@babel/parser/lib/index.js:3327:19)
    at Object.unterminated (/home/kavia/workspace/code-generation/examtrackr-25008-f91dd9c9/examtrackr_main_container/node_modules/@babel/parser/lib/index.js:2395:20)
    at readStringContents (/home/kavia/workspace/code-generation/examtrackr-25008-f91dd9c9/examtrackr_main_container/node_modules/@babel/parser/lib/index.js:2137:16)
    at FlowParserMixin.readString (/home/kavia/workspace/code-generation/examtrackr-25008-f91dd9c9/examtrackr_main_container/node_modules/@babel/parser/lib/index.js:3226:9)
    at FlowParserMixin.getTokenFromCode (/home/kavia/workspace/code-generation/examtrackr-25008-f91dd9c9/examtrackr_main_container/node_modules/@babel/parser/lib/index.js:2986:14)
    at FlowParserMixin.getTokenFromCode (/home/kavia/workspace/code-generation/examtrackr-25008-f91dd9c9/examtrackr_main_container/node_modules/@babel/parser/lib/index.js:6970:11)
    at FlowParserMixin.getTokenFromCode (/home/kavia/workspace/code-generation/examtrackr-25008-f91dd9c9/examtrackr_main_container/node_modules/@babel/parser/lib/index.js:5419:13)
    at FlowParserMixin.nextToken (/home/kavia/workspace/code-generation/examtrackr-25008-f91dd9c9/examtrackr_main_container/node_modules/@babel/parser/lib/index.js:2510:10)
    at FlowParserMixin.next (/home/kavia/workspace/code-generation/examtrackr-25008-f91dd9c9/examtrackr_main_container/node_modules/@babel/parser/lib/index.js:2423:10)
    at FlowParserMixin.parseCoverCallAndAsyncArrowHead (/home/kavia/workspace/code-generation/examtrackr-25008-f91dd9c9/examtrackr_main_container/node_modules/@babel/parser/lib/index.js:10844:10)
    at FlowParserMixin.parseSubscript (/home/kavia/workspace/code-generation/examtrackr-25008-f91dd9c9/examtrackr_main_container/node_modules/@babel/parser/lib/index.js:10798:19)
    at FlowParserMixin.parseSubscript (/home/kavia/workspace/code-generation/examtrackr-25008-f91dd9c9/examtrackr_main_container/node_modules/@babel/parser/lib/index.js:5874:18)
    at FlowParserMixin.parseSubscripts (/home/kavia/workspace/code-generation/examtrackr-25008-f91dd9c9/examtrackr_main_container/node_modules/@babel/parser/lib/index.js:10771:19)
    at FlowParserMixin.parseSubscripts (/home/kavia/workspace/code-generation/examtrackr-25008-f91dd9c9/examtrackr_main_container/node_modules/@babel/parser/lib/index.js:5840:18)
    at FlowParserMixin.parseExprSubscripts (/home/kavia/workspace/code-generation/examtrackr-25008-f91dd9c9/examtrackr_main_container/node_modules/@babel/parser/lib/index.js:10762:17)
    at FlowParserMixin.parseUpdate (/home/kavia/workspace/code-generation/examtrackr-25008-f91dd9c9/examtrackr_main_container/node_modules/@babel/parser/lib/index.js:10743:21)
    at FlowParserMixin.parseMaybeUnary (/home/kavia/workspace/code-generation/examtrackr-25008-f91dd9c9/examtrackr_main_container/node_modules/@babel/parser/lib/index.js:10723:23)
    at FlowParserMixin.parseMaybeUnaryOrPrivate (/home/kavia/workspace/code-generation/examtrackr-25008-f91dd9c9/examtrackr_main_container/node_modules/@babel/parser/lib/index.js:10576:61)
    at FlowParserMixin.parseExprOps (/home/kavia/workspace/code-generation/examtrackr-25008-f91dd9c9/examtrackr_main_container/node_modules/@babel/parser/lib/index.js:10581:23)
    at FlowParserMixin.parseMaybeConditional (/home/kavia/workspace/code-generation/examtrackr-25008-f91dd9c9/examtrackr_main_container/node_modules/@babel/parser/lib/index.js:10558:23)
    at FlowParserMixin.parseMaybeAssign (/home/kavia/workspace/code-generation/examtrackr-25008-f91dd9c9/examtrackr_main_container/node_modules/@babel/parser/lib/index.js:10521:21)
    at FlowParserMixin.parseMaybeAssign (/home/kavia/workspace/code-generation/examtrackr-25008-f91dd9c9/examtrackr_main_container/node_modules/@babel/parser/lib/index.js:5773:18)
    at /home/kavia/workspace/code-generation/examtrackr-25008-f91dd9c9/examtrackr_main_container/node_modules/@babel/parser/lib/index.js:10491:39
    at FlowParserMixin.allowInAnd (/home/kavia/workspace/code-generation/examtrackr-25008-f91dd9c9/examtrackr_main_container/node_modules/@babel/parser/lib/index.js:12100:12)
    at FlowParserMixin.parseMaybeAssignAllowIn (/home/kavia/workspace/code-generation/examtrackr-25008-f91dd9c9/examtrackr_main_container/node_modules/@babel/parser/lib/index.js:10491:17)
    at FlowParserMixin.parseExprListItem (/home/kavia/workspace/code-generation/examtrackr-25008-f91dd9c9/examtrackr_main_container/node_modules/@babel/parser/lib/index.js:11858:18)
    at FlowParserMixin.parseExprList (/home/kavia/workspace/code-generation/examtrackr-25008-f91dd9c9/examtrackr_main_container/node_modules/@babel/parser/lib/index.js:11833:22)
    at FlowParserMixin.parseArrayLike (/home/kavia/workspace/code-generation/examtrackr-25008-f91dd9c9/examtrackr_main_container/node_modules/@babel/parser/lib/index.js:11740:26)
    at FlowParserMixin.parseArrayLike (/home/kavia/workspace/code-generation/examtrackr-25008-f91dd9c9/examtrackr_main_container/node_modules/@babel/parser/lib/index.js:5455:24)
    at FlowParserMixin.parseExprAtom (/home/kavia/workspace/code-generation/examtrackr-25008-f91dd9c9/examtrackr_main_container/node_modules/@babel/parser/lib/index.js:11015:23)
    at FlowParserMixin.parseExprAtom (/home/kavia/workspace/code-generation/examtrackr-25008-f91dd9c9/examtrackr_main_container/node_modules/@babel/parser/lib/index.js:6937:20)
    at FlowParserMixin.parseExprSubscripts (/home/kavia/workspace/code-generation/examtrackr-25008-f91dd9c9/examtrackr_main_container/node_modules/@babel/parser/lib/index.js:10758:23)
    at FlowParserMixin.parseUpdate (/home/kavia/workspace/code-generation/examtrackr-25008-f91dd9c9/examtrackr_main_container/node_modules/@babel/parser/lib/index.js:10743:21)
    at FlowParserMixin.parseMaybeUnary (/home/kavia/workspace/code-generation/examtrackr-25008-f91dd9c9/examtrackr_main_container/node_modules/@babel/parser/lib/index.js:10723:23)
    at FlowParserMixin.parseMaybeUnaryOrPrivate (/home/kavia/workspace/code-generation/examtrackr-25008-f91dd9c9/examtrackr_main_container/node_modules/@babel/parser/lib/index.js:10576:61)
    at FlowParserMixin.parseExprOps (/home/kavia/workspace/code-generation/examtrackr-25008-f91dd9c9/examtrackr_main_container/node_modules/@babel/parser/lib/index.js:10581:23)
    at FlowParserMixin.parseMaybeConditional (/home/kavia/workspace/code-generation/examtrackr-25008-f91dd9c9/examtrackr_main_container/node_modules/@babel/parser/lib/index.js:10558:23)
    at FlowParserMixin.parseMaybeAssign (/home/kavia/workspace/code-generation/examtrackr-25008-f91dd9c9/examtrackr_main_container/node_modules/@babel/parser/lib/index.js:10521:21)
    at FlowParserMixin.parseMaybeAssign (/home/kavia/workspace/code-generation/examtrackr-25008-f91dd9c9/examtrackr_main_container/node_modules/@babel/parser/lib/index.js:5773:18)
    at /home/kavia/workspace/code-generation/examtrackr-25008-f91dd9c9/examtrackr_main_container/node_modules/@babel/parser/lib/index.js:10491:39
    at FlowParserMixin.allowInAnd (/home/kavia/workspace/code-generation/examtrackr-25008-f91dd9c9/examtrackr_main_container/node_modules/@babel/parser/lib/index.js:12100:12)
    at FlowParserMixin.parseMaybeAssignAllowIn (/home/kavia/workspace/code-generation/examtrackr-25008-f91dd9c9/examtrackr_main_container/node_modules/@babel/parser/lib/index.js:10491:17)
    at FlowParserMixin.parseExprListItem (/home/kavia/workspace/code-generation/examtrackr-25008-f91dd9c9/examtrackr_main_container/node_modules/@babel/parser/lib/index.js:11858:18)
    at FlowParserMixin.parseExprList (/home/kavia/workspace/code-generation/examtrackr-25008-f91dd9c9/examtrackr_main_container/node_modules/@babel/parser/lib/index.js:11833:22)
    at FlowParserMixin.parseNew (/home/kavia/workspace/code-generation/examtrackr-25008-f91dd9c9/examtrackr_main_container/node_modules/@babel/parser/lib/index.js:11431:25)
    at FlowParserMixin.parseNewOrNewTarget (/home/kavia/workspace/code-generation/examtrackr-25008-f91dd9c9/examtrackr_main_container/node_modules/@babel/parser/lib/index.js:11426:17)
    at FlowParserMixin.parseExprAtom (/home/kavia/workspace/code-generation/examtrackr-25008-f91dd9c9/examtrackr_main_container/node_modules/@babel/parser/lib/index.js:11033:21)
    at FlowParserMixin.parseExprAtom (/home/kavia/workspace/code-generation/examtrackr-25008-f91dd9c9/examtrackr_main_container/node_modules/@babel/parser/lib/index.js:6937:20)
    at FlowParserMixin.parseExprSubscripts (/home/kavia/workspace/code-generation/examtrackr-25008-f91dd9c9/examtrackr_main_container/node_modules/@babel/parser/lib/index.js:10758:23)

ERROR in [eslint] 
src/utils/icsExport.js
  Line 36:41:  Parsing error: Unterminated string constant. (36:41)

webpack compiled with 2 errors
Compiling...
Compiled successfully!
webpack compiled successfully
Compiling...
Failed to compile.

[eslint] 
src/utils/icsExport.js
Syntax error: Unterminated string constant. (37:41) (37:41)
ERROR in ./src/utils/icsExport.js
Module build failed (from ./node_modules/babel-loader/lib/index.js):
SyntaxError: /home/kavia/workspace/code-generation/examtrackr-25008-f91dd9c9/examtrackr_main_container/src/utils/icsExport.js: Unterminated string constant. (37:41)

  35 |   }
  36 |   icsContent.push("END:VCALENDAR");
> 37 |   const blob = new Blob([icsContent.join("
     |                                          ^
  38 | ")], { type: "text/calendar" });
  39 |   const url = window.URL.createObjectURL(blob);
  40 |
    at constructor (/home/kavia/workspace/code-generation/examtrackr-25008-f91dd9c9/examtrackr_main_container/node_modules/@babel/parser/lib/index.js:360:19)
    at FlowParserMixin.raise (/home/kavia/workspace/code-generation/examtrackr-25008-f91dd9c9/examtrackr_main_container/node_modules/@babel/parser/lib/index.js:3327:19)
    at Object.unterminated (/home/kavia/workspace/code-generation/examtrackr-25008-f91dd9c9/examtrackr_main_container/node_modules/@babel/parser/lib/index.js:2395:20)
    at readStringContents (/home/kavia/workspace/code-generation/examtrackr-25008-f91dd9c9/examtrackr_main_container/node_modules/@babel/parser/lib/index.js:2137:16)
    at FlowParserMixin.readString (/home/kavia/workspace/code-generation/examtrackr-25008-f91dd9c9/examtrackr_main_container/node_modules/@babel/parser/lib/index.js:3226:9)
    at FlowParserMixin.getTokenFromCode (/home/kavia/workspace/code-generation/examtrackr-25008-f91dd9c9/examtrackr_main_container/node_modules/@babel/parser/lib/index.js:2986:14)
    at FlowParserMixin.getTokenFromCode (/home/kavia/workspace/code-generation/examtrackr-25008-f91dd9c9/examtrackr_main_container/node_modules/@babel/parser/lib/index.js:6970:11)
    at FlowParserMixin.getTokenFromCode (/home/kavia/workspace/code-generation/examtrackr-25008-f91dd9c9/examtrackr_main_container/node_modules/@babel/parser/lib/index.js:5419:13)
    at FlowParserMixin.nextToken (/home/kavia/workspace/code-generation/examtrackr-25008-f91dd9c9/examtrackr_main_container/node_modules/@babel/parser/lib/index.js:2510:10)
    at FlowParserMixin.next (/home/kavia/workspace/code-generation/examtrackr-25008-f91dd9c9/examtrackr_main_container/node_modules/@babel/parser/lib/index.js:2423:10)
    at FlowParserMixin.parseCoverCallAndAsyncArrowHead (/home/kavia/workspace/code-generation/examtrackr-25008-f91dd9c9/examtrackr_main_container/node_modules/@babel/parser/lib/index.js:10844:10)
    at FlowParserMixin.parseSubscript (/home/kavia/workspace/code-generation/examtrackr-25008-f91dd9c9/examtrackr_main_container/node_modules/@babel/parser/lib/index.js:10798:19)
    at FlowParserMixin.parseSubscript (/home/kavia/workspace/code-generation/examtrackr-25008-f91dd9c9/examtrackr_main_container/node_modules/@babel/parser/lib/index.js:5874:18)
    at FlowParserMixin.parseSubscripts (/home/kavia/workspace/code-generation/examtrackr-25008-f91dd9c9/examtrackr_main_container/node_modules/@babel/parser/lib/index.js:10771:19)
    at FlowParserMixin.parseSubscripts (/home/kavia/workspace/code-generation/examtrackr-25008-f91dd9c9/examtrackr_main_container/node_modules/@babel/parser/lib/index.js:5840:18)
    at FlowParserMixin.parseExprSubscripts (/home/kavia/workspace/code-generation/examtrackr-25008-f91dd9c9/examtrackr_main_container/node_modules/@babel/parser/lib/index.js:10762:17)
    at FlowParserMixin.parseUpdate (/home/kavia/workspace/code-generation/examtrackr-25008-f91dd9c9/examtrackr_main_container/node_modules/@babel/parser/lib/index.js:10743:21)
    at FlowParserMixin.parseMaybeUnary (/home/kavia/workspace/code-generation/examtrackr-25008-f91dd9c9/examtrackr_main_container/node_modules/@babel/parser/lib/index.js:10723:23)
    at FlowParserMixin.parseMaybeUnaryOrPrivate (/home/kavia/workspace/code-generation/examtrackr-25008-f91dd9c9/examtrackr_main_container/node_modules/@babel/parser/lib/index.js:10576:61)
    at FlowParserMixin.parseExprOps (/home/kavia/workspace/code-generation/examtrackr-25008-f91dd9c9/examtrackr_main_container/node_modules/@babel/parser/lib/index.js:10581:23)
    at FlowParserMixin.parseMaybeConditional (/home/kavia/workspace/code-generation/examtrackr-25008-f91dd9c9/examtrackr_main_container/node_modules/@babel/parser/lib/index.js:10558:23)
    at FlowParserMixin.parseMaybeAssign (/home/kavia/workspace/code-generation/examtrackr-25008-f91dd9c9/examtrackr_main_container/node_modules/@babel/parser/lib/index.js:10521:21)
    at FlowParserMixin.parseMaybeAssign (/home/kavia/workspace/code-generation/examtrackr-25008-f91dd9c9/examtrackr_main_container/node_modules/@babel/parser/lib/index.js:5773:18)
    at /home/kavia/workspace/code-generation/examtrackr-25008-f91dd9c9/examtrackr_main_container/node_modules/@babel/parser/lib/index.js:10491:39
    at FlowParserMixin.allowInAnd (/home/kavia/workspace/code-generation/examtrackr-25008-f91dd9c9/examtrackr_main_container/node_modules/@babel/parser/lib/index.js:12100:12)
    at FlowParserMixin.parseMaybeAssignAllowIn (/home/kavia/workspace/code-generation/examtrackr-25008-f91dd9c9/examtrackr_main_container/node_modules/@babel/parser/lib/index.js:10491:17)
    at FlowParserMixin.parseExprListItem (/home/kavia/workspace/code-generation/examtrackr-25008-f91dd9c9/examtrackr_main_container/node_modules/@babel/parser/lib/index.js:11858:18)
    at FlowParserMixin.parseExprList (/home/kavia/workspace/code-generation/examtrackr-25008-f91dd9c9/examtrackr_main_container/node_modules/@babel/parser/lib/index.js:11833:22)
    at FlowParserMixin.parseArrayLike (/home/kavia/workspace/code-generation/examtrackr-25008-f91dd9c9/examtrackr_main_container/node_modules/@babel/parser/lib/index.js:11740:26)
    at FlowParserMixin.parseArrayLike (/home/kavia/workspace/code-generation/examtrackr-25008-f91dd9c9/examtrackr_main_container/node_modules/@babel/parser/lib/index.js:5455:24)
    at FlowParserMixin.parseExprAtom (/home/kavia/workspace/code-generation/examtrackr-25008-f91dd9c9/examtrackr_main_container/node_modules/@babel/parser/lib/index.js:11015:23)
    at FlowParserMixin.parseExprAtom (/home/kavia/workspace/code-generation/examtrackr-25008-f91dd9c9/examtrackr_main_container/node_modules/@babel/parser/lib/index.js:6937:20)
    at FlowParserMixin.parseExprSubscripts (/home/kavia/workspace/code-generation/examtrackr-25008-f91dd9c9/examtrackr_main_container/node_modules/@babel/parser/lib/index.js:10758:23)
    at FlowParserMixin.parseUpdate (/home/kavia/workspace/code-generation/examtrackr-25008-f91dd9c9/examtrackr_main_container/node_modules/@babel/parser/lib/index.js:10743:21)
    at FlowParserMixin.parseMaybeUnary (/home/kavia/workspace/code-generation/examtrackr-25008-f91dd9c9/examtrackr_main_container/node_modules/@babel/parser/lib/index.js:10723:23)
    at FlowParserMixin.parseMaybeUnaryOrPrivate (/home/kavia/workspace/code-generation/examtrackr-25008-f91dd9c9/examtrackr_main_container/node_modules/@babel/parser/lib/index.js:10576:61)
    at FlowParserMixin.parseExprOps (/home/kavia/workspace/code-generation/examtrackr-25008-f91dd9c9/examtrackr_main_container/node_modules/@babel/parser/lib/index.js:10581:23)
    at FlowParserMixin.parseMaybeConditional (/home/kavia/workspace/code-generation/examtrackr-25008-f91dd9c9/examtrackr_main_container/node_modules/@babel/parser/lib/index.js:10558:23)
    at FlowParserMixin.parseMaybeAssign (/home/kavia/workspace/code-generation/examtrackr-25008-f91dd9c9/examtrackr_main_container/node_modules/@babel/parser/lib/index.js:10521:21)
    at FlowParserMixin.parseMaybeAssign (/home/kavia/workspace/code-generation/examtrackr-25008-f91dd9c9/examtrackr_main_container/node_modules/@babel/parser/lib/index.js:5773:18)
    at /home/kavia/workspace/code-generation/examtrackr-25008-f91dd9c9/examtrackr_main_container/node_modules/@babel/parser/lib/index.js:10491:39
    at FlowParserMixin.allowInAnd (/home/kavia/workspace/code-generation/examtrackr-25008-f91dd9c9/examtrackr_main_container/node_modules/@babel/parser/lib/index.js:12100:12)
    at FlowParserMixin.parseMaybeAssignAllowIn (/home/kavia/workspace/code-generation/examtrackr-25008-f91dd9c9/examtrackr_main_container/node_modules/@babel/parser/lib/index.js:10491:17)
    at FlowParserMixin.parseExprListItem (/home/kavia/workspace/code-generation/examtrackr-25008-f91dd9c9/examtrackr_main_container/node_modules/@babel/parser/lib/index.js:11858:18)
    at FlowParserMixin.parseExprList (/home/kavia/workspace/code-generation/examtrackr-25008-f91dd9c9/examtrackr_main_container/node_modules/@babel/parser/lib/index.js:11833:22)
    at FlowParserMixin.parseNew (/home/kavia/workspace/code-generation/examtrackr-25008-f91dd9c9/examtrackr_main_container/node_modules/@babel/parser/lib/index.js:11431:25)
    at FlowParserMixin.parseNewOrNewTarget (/home/kavia/workspace/code-generation/examtrackr-25008-f91dd9c9/examtrackr_main_container/node_modules/@babel/parser/lib/index.js:11426:17)
    at FlowParserMixin.parseExprAtom (/home/kavia/workspace/code-generation/examtrackr-25008-f91dd9c9/examtrackr_main_container/node_modules/@babel/parser/lib/index.js:11033:21)
    at FlowParserMixin.parseExprAtom (/home/kavia/workspace/code-generation/examtrackr-25008-f91dd9c9/examtrackr_main_container/node_modules/@babel/parser/lib/index.js:6937:20)
    at FlowParserMixin.parseExprSubscripts (/home/kavia/workspace/code-generation/examtrackr-25008-f91dd9c9/examtrackr_main_container/node_modules/@babel/parser/lib/index.js:10758:23)

ERROR in [eslint] 
src/utils/icsExport.js
  Line 37:41:  Parsing error: Unterminated string constant. (37:41)

webpack compiled with 2 errors
Compiling...
Failed to compile.

[eslint] 
src/utils/icsExport.js
Syntax error: Unexpected token (1:1) (1:1)
ERROR in ./src/utils/icsExport.js
Module build failed (from ./node_modules/babel-loader/lib/index.js):
SyntaxError: /home/kavia/workspace/code-generation/examtrackr-25008-f91dd9c9/examtrackr_main_container/src/utils/icsExport.js: Unexpected token (1:1)

> 1 |  * events: Array of { title, description, date (ISO Format) }
    |  ^
  2 |  * filename: string
  3 |  */
  4 | // PUBLIC_INTERFACE
    at constructor (/home/kavia/workspace/code-generation/examtrackr-25008-f91dd9c9/examtrackr_main_container/node_modules/@babel/parser/lib/index.js:360:19)
    at FlowParserMixin.raise (/home/kavia/workspace/code-generation/examtrackr-25008-f91dd9c9/examtrackr_main_container/node_modules/@babel/parser/lib/index.js:3327:19)
    at FlowParserMixin.unexpected (/home/kavia/workspace/code-generation/examtrackr-25008-f91dd9c9/examtrackr_main_container/node_modules/@babel/parser/lib/index.js:3347:16)
    at FlowParserMixin.parseExprAtom (/home/kavia/workspace/code-generation/examtrackr-25008-f91dd9c9/examtrackr_main_container/node_modules/@babel/parser/lib/index.js:11126:16)
    at FlowParserMixin.parseExprAtom (/home/kavia/workspace/code-generation/examtrackr-25008-f91dd9c9/examtrackr_main_container/node_modules/@babel/parser/lib/index.js:6937:20)
    at FlowParserMixin.parseExprSubscripts (/home/kavia/workspace/code-generation/examtrackr-25008-f91dd9c9/examtrackr_main_container/node_modules/@babel/parser/lib/index.js:10758:23)
    at FlowParserMixin.parseUpdate (/home/kavia/workspace/code-generation/examtrackr-25008-f91dd9c9/examtrackr_main_container/node_modules/@babel/parser/lib/index.js:10743:21)
    at FlowParserMixin.parseMaybeUnary (/home/kavia/workspace/code-generation/examtrackr-25008-f91dd9c9/examtrackr_main_container/node_modules/@babel/parser/lib/index.js:10723:23)
    at FlowParserMixin.parseMaybeUnaryOrPrivate (/home/kavia/workspace/code-generation/examtrackr-25008-f91dd9c9/examtrackr_main_container/node_modules/@babel/parser/lib/index.js:10576:61)
    at FlowParserMixin.parseExprOps (/home/kavia/workspace/code-generation/examtrackr-25008-f91dd9c9/examtrackr_main_container/node_modules/@babel/parser/lib/index.js:10581:23)
    at FlowParserMixin.parseMaybeConditional (/home/kavia/workspace/code-generation/examtrackr-25008-f91dd9c9/examtrackr_main_container/node_modules/@babel/parser/lib/index.js:10558:23)
    at FlowParserMixin.parseMaybeAssign (/home/kavia/workspace/code-generation/examtrackr-25008-f91dd9c9/examtrackr_main_container/node_modules/@babel/parser/lib/index.js:10521:21)
    at FlowParserMixin.parseMaybeAssign (/home/kavia/workspace/code-generation/examtrackr-25008-f91dd9c9/examtrackr_main_container/node_modules/@babel/parser/lib/index.js:5773:18)
    at FlowParserMixin.parseExpressionBase (/home/kavia/workspace/code-generation/examtrackr-25008-f91dd9c9/examtrackr_main_container/node_modules/@babel/parser/lib/index.js:10475:23)
    at /home/kavia/workspace/code-generation/examtrackr-25008-f91dd9c9/examtrackr_main_container/node_modules/@babel/parser/lib/index.js:10471:39
    at FlowParserMixin.allowInAnd (/home/kavia/workspace/code-generation/examtrackr-25008-f91dd9c9/examtrackr_main_container/node_modules/@babel/parser/lib/index.js:12095:16)
    at FlowParserMixin.parseExpression (/home/kavia/workspace/code-generation/examtrackr-25008-f91dd9c9/examtrackr_main_container/node_modules/@babel/parser/lib/index.js:10471:17)
    at FlowParserMixin.parseStatementContent (/home/kavia/workspace/code-generation/examtrackr-25008-f91dd9c9/examtrackr_main_container/node_modules/@babel/parser/lib/index.js:12539:23)
    at FlowParserMixin.parseStatementLike (/home/kavia/workspace/code-generation/examtrackr-25008-f91dd9c9/examtrackr_main_container/node_modules/@babel/parser/lib/index.js:12406:17)
    at FlowParserMixin.parseStatementLike (/home/kavia/workspace/code-generation/examtrackr-25008-f91dd9c9/examtrackr_main_container/node_modules/@babel/parser/lib/index.js:5140:24)
    at FlowParserMixin.parseModuleItem (/home/kavia/workspace/code-generation/examtrackr-25008-f91dd9c9/examtrackr_main_container/node_modules/@babel/parser/lib/index.js:12383:17)
    at FlowParserMixin.parseBlockOrModuleBlockBody (/home/kavia/workspace/code-generation/examtrackr-25008-f91dd9c9/examtrackr_main_container/node_modules/@babel/parser/lib/index.js:12960:36)
    at FlowParserMixin.parseBlockBody (/home/kavia/workspace/code-generation/examtrackr-25008-f91dd9c9/examtrackr_main_container/node_modules/@babel/parser/lib/index.js:12953:10)
    at FlowParserMixin.parseProgram (/home/kavia/workspace/code-generation/examtrackr-25008-f91dd9c9/examtrackr_main_container/node_modules/@babel/parser/lib/index.js:12280:10)
    at FlowParserMixin.parseTopLevel (/home/kavia/workspace/code-generation/examtrackr-25008-f91dd9c9/examtrackr_main_container/node_modules/@babel/parser/lib/index.js:12270:25)
    at FlowParserMixin.parseTopLevel (/home/kavia/workspace/code-generation/examtrackr-25008-f91dd9c9/examtrackr_main_container/node_modules/@babel/parser/lib/index.js:5909:28)
    at FlowParserMixin.parse (/home/kavia/workspace/code-generation/examtrackr-25008-f91dd9c9/examtrackr_main_container/node_modules/@babel/parser/lib/index.js:14120:10)
    at parse (/home/kavia/workspace/code-generation/examtrackr-25008-f91dd9c9/examtrackr_main_container/node_modules/@babel/parser/lib/index.js:14154:38)
    at parser (/home/kavia/workspace/code-generation/examtrackr-25008-f91dd9c9/examtrackr_main_container/node_modules/@babel/core/lib/parser/index.js:41:34)
    at parser.next (<anonymous>)
    at normalizeFile (/home/kavia/workspace/code-generation/examtrackr-25008-f91dd9c9/examtrackr_main_container/node_modules/@babel/core/lib/transformation/normalize-file.js:64:37)
    at normalizeFile.next (<anonymous>)
    at run (/home/kavia/workspace/code-generation/examtrackr-25008-f91dd9c9/examtrackr_main_container/node_modules/@babel/core/lib/transformation/index.js:22:50)
    at run.next (<anonymous>)
    at transform (/home/kavia/workspace/code-generation/examtrackr-25008-f91dd9c9/examtrackr_main_container/node_modules/@babel/core/lib/transform.js:22:33)
    at transform.next (<anonymous>)
    at step (/home/kavia/workspace/code-generation/examtrackr-25008-f91dd9c9/examtrackr_main_container/node_modules/gensync/index.js:261:32)
    at /home/kavia/workspace/code-generation/examtrackr-25008-f91dd9c9/examtrackr_main_container/node_modules/gensync/index.js:273:13
    at async.call.result.err.err (/home/kavia/workspace/code-generation/examtrackr-25008-f91dd9c9/examtrackr_main_container/node_modules/gensync/index.js:223:11)

ERROR in [eslint] 
src/utils/icsExport.js
  Line 1:1:  Parsing error: Unexpected token (1:1)

webpack compiled with 2 errors
Compiling...
Failed to compile.

[eslint] 
src/utils/icsExport.js
Syntax error: Unexpected token (1:1) (1:1)
ERROR in ./src/utils/icsExport.js
Module build failed (from ./node_modules/babel-loader/lib/index.js):
SyntaxError: /home/kavia/workspace/code-generation/examtrackr-25008-f91dd9c9/examtrackr_main_container/src/utils/icsExport.js: Unexpected token (1:1)

> 1 |  * events: Array of { title, description, date (ISO Format) }
    |  ^
  2 |  * filename: string
  3 |  */
  4 | // PUBLIC_INTERFACE
    at constructor (/home/kavia/workspace/code-generation/examtrackr-25008-f91dd9c9/examtrackr_main_container/node_modules/@babel/parser/lib/index.js:360:19)
    at FlowParserMixin.raise (/home/kavia/workspace/code-generation/examtrackr-25008-f91dd9c9/examtrackr_main_container/node_modules/@babel/parser/lib/index.js:3327:19)
    at FlowParserMixin.unexpected (/home/kavia/workspace/code-generation/examtrackr-25008-f91dd9c9/examtrackr_main_container/node_modules/@babel/parser/lib/index.js:3347:16)
    at FlowParserMixin.parseExprAtom (/home/kavia/workspace/code-generation/examtrackr-25008-f91dd9c9/examtrackr_main_container/node_modules/@babel/parser/lib/index.js:11126:16)
    at FlowParserMixin.parseExprAtom (/home/kavia/workspace/code-generation/examtrackr-25008-f91dd9c9/examtrackr_main_container/node_modules/@babel/parser/lib/index.js:6937:20)
    at FlowParserMixin.parseExprSubscripts (/home/kavia/workspace/code-generation/examtrackr-25008-f91dd9c9/examtrackr_main_container/node_modules/@babel/parser/lib/index.js:10758:23)
    at FlowParserMixin.parseUpdate (/home/kavia/workspace/code-generation/examtrackr-25008-f91dd9c9/examtrackr_main_container/node_modules/@babel/parser/lib/index.js:10743:21)
    at FlowParserMixin.parseMaybeUnary (/home/kavia/workspace/code-generation/examtrackr-25008-f91dd9c9/examtrackr_main_container/node_modules/@babel/parser/lib/index.js:10723:23)
    at FlowParserMixin.parseMaybeUnaryOrPrivate (/home/kavia/workspace/code-generation/examtrackr-25008-f91dd9c9/examtrackr_main_container/node_modules/@babel/parser/lib/index.js:10576:61)
    at FlowParserMixin.parseExprOps (/home/kavia/workspace/code-generation/examtrackr-25008-f91dd9c9/examtrackr_main_container/node_modules/@babel/parser/lib/index.js:10581:23)
    at FlowParserMixin.parseMaybeConditional (/home/kavia/workspace/code-generation/examtrackr-25008-f91dd9c9/examtrackr_main_container/node_modules/@babel/parser/lib/index.js:10558:23)
    at FlowParserMixin.parseMaybeAssign (/home/kavia/workspace/code-generation/examtrackr-25008-f91dd9c9/examtrackr_main_container/node_modules/@babel/parser/lib/index.js:10521:21)
    at FlowParserMixin.parseMaybeAssign (/home/kavia/workspace/code-generation/examtrackr-25008-f91dd9c9/examtrackr_main_container/node_modules/@babel/parser/lib/index.js:5773:18)
    at FlowParserMixin.parseExpressionBase (/home/kavia/workspace/code-generation/examtrackr-25008-f91dd9c9/examtrackr_main_container/node_modules/@babel/parser/lib/index.js:10475:23)
    at /home/kavia/workspace/code-generation/examtrackr-25008-f91dd9c9/examtrackr_main_container/node_modules/@babel/parser/lib/index.js:10471:39
    at FlowParserMixin.allowInAnd (/home/kavia/workspace/code-generation/examtrackr-25008-f91dd9c9/examtrackr_main_container/node_modules/@babel/parser/lib/index.js:12095:16)
    at FlowParserMixin.parseExpression (/home/kavia/workspace/code-generation/examtrackr-25008-f91dd9c9/examtrackr_main_container/node_modules/@babel/parser/lib/index.js:10471:17)
    at FlowParserMixin.parseStatementContent (/home/kavia/workspace/code-generation/examtrackr-25008-f91dd9c9/examtrackr_main_container/node_modules/@babel/parser/lib/index.js:12539:23)
    at FlowParserMixin.parseStatementLike (/home/kavia/workspace/code-generation/examtrackr-25008-f91dd9c9/examtrackr_main_container/node_modules/@babel/parser/lib/index.js:12406:17)
    at FlowParserMixin.parseStatementLike (/home/kavia/workspace/code-generation/examtrackr-25008-f91dd9c9/examtrackr_main_container/node_modules/@babel/parser/lib/index.js:5140:24)
    at FlowParserMixin.parseModuleItem (/home/kavia/workspace/code-generation/examtrackr-25008-f91dd9c9/examtrackr_main_container/node_modules/@babel/parser/lib/index.js:12383:17)
    at FlowParserMixin.parseBlockOrModuleBlockBody (/home/kavia/workspace/code-generation/examtrackr-25008-f91dd9c9/examtrackr_main_container/node_modules/@babel/parser/lib/index.js:12960:36)
    at FlowParserMixin.parseBlockBody (/home/kavia/workspace/code-generation/examtrackr-25008-f91dd9c9/examtrackr_main_container/node_modules/@babel/parser/lib/index.js:12953:10)
    at FlowParserMixin.parseProgram (/home/kavia/workspace/code-generation/examtrackr-25008-f91dd9c9/examtrackr_main_container/node_modules/@babel/parser/lib/index.js:12280:10)
    at FlowParserMixin.parseTopLevel (/home/kavia/workspace/code-generation/examtrackr-25008-f91dd9c9/examtrackr_main_container/node_modules/@babel/parser/lib/index.js:12270:25)
    at FlowParserMixin.parseTopLevel (/home/kavia/workspace/code-generation/examtrackr-25008-f91dd9c9/examtrackr_main_container/node_modules/@babel/parser/lib/index.js:5909:28)
    at FlowParserMixin.parse (/home/kavia/workspace/code-generation/examtrackr-25008-f91dd9c9/examtrackr_main_container/node_modules/@babel/parser/lib/index.js:14120:10)
    at parse (/home/kavia/workspace/code-generation/examtrackr-25008-f91dd9c9/examtrackr_main_container/node_modules/@babel/parser/lib/index.js:14154:38)
    at parser (/home/kavia/workspace/code-generation/examtrackr-25008-f91dd9c9/examtrackr_main_container/node_modules/@babel/core/lib/parser/index.js:41:34)
    at parser.next (<anonymous>)
    at normalizeFile (/home/kavia/workspace/code-generation/examtrackr-25008-f91dd9c9/examtrackr_main_container/node_modules/@babel/core/lib/transformation/normalize-file.js:64:37)
    at normalizeFile.next (<anonymous>)
    at run (/home/kavia/workspace/code-generation/examtrackr-25008-f91dd9c9/examtrackr_main_container/node_modules/@babel/core/lib/transformation/index.js:22:50)
    at run.next (<anonymous>)
    at transform (/home/kavia/workspace/code-generation/examtrackr-25008-f91dd9c9/examtrackr_main_container/node_modules/@babel/core/lib/transform.js:22:33)
    at transform.next (<anonymous>)
    at step (/home/kavia/workspace/code-generation/examtrackr-25008-f91dd9c9/examtrackr_main_container/node_modules/gensync/index.js:261:32)
    at /home/kavia/workspace/code-generation/examtrackr-25008-f91dd9c9/examtrackr_main_container/node_modules/gensync/index.js:273:13
    at async.call.result.err.err (/home/kavia/workspace/code-generation/examtrackr-25008-f91dd9c9/examtrackr_main_container/node_modules/gensync/index.js:223:11)

ERROR in [eslint] 
src/utils/icsExport.js
  Line 1:1:  Parsing error: Unexpected token (1:1)

webpack compiled with 2 errors
Failed to compile.

[eslint] 
src/utils/icsExport.js
Syntax error: Unexpected token (1:1) (1:1)
ERROR in ./src/App.js 13:0-48
Module not found: Error: Can't resolve './utils/icsExport' in '/home/kavia/workspace/code-generation/examtrackr-25008-f91dd9c9/examtrackr_main_container/src'

ERROR in [eslint] 
src/utils/icsExport.js
  Line 1:1:  Parsing error: Unexpected token (1:1)

webpack compiled with 2 errors
Compiling...
